2025-08-05 14:48:39 [main] INFO  com.kezhang.E1DbMyBatisPlusCrudApplication - Starting E1DbMyBatisPlusCrudApplication using Java 21.0.7 with PID 5482 (/Users/zhangke/Documents/Programming/JavaWeb-Learning/E1-DB-MyBatisPlus-CRUD/target/classes started by zhangke in /Users/zhangke/Documents/Programming/JavaWeb-Learning)
2025-08-05 14:48:39 [main] INFO  com.kezhang.E1DbMyBatisPlusCrudApplication - No active profile set, falling back to 1 default profile: "default"
2025-08-05 14:48:39 [main] INFO  o.s.boot.web.embedded.tomcat.TomcatWebServer - Tomcat initialized with port 8080 (http)
2025-08-05 14:48:39 [main] INFO  org.apache.coyote.http11.Http11NioProtocol - Initializing ProtocolHandler ["http-nio-8080"]
2025-08-05 14:48:39 [main] INFO  org.apache.catalina.core.StandardService - Starting service [Tomcat]
2025-08-05 14:48:39 [main] INFO  org.apache.catalina.core.StandardEngine - Starting Servlet engine: [Apache Tomcat/10.1.43]
2025-08-05 14:48:39 [main] INFO  o.a.c.core.ContainerBase.[Tomcat].[localhost].[/] - Initializing Spring embedded WebApplicationContext
2025-08-05 14:48:39 [main] INFO  o.s.b.w.s.c.ServletWebServerApplicationContext - Root WebApplicationContext: initialization completed in 313 ms
2025-08-05 14:48:39 [main] INFO  c.b.m.e.spring.MybatisPlusApplicationContextAware - Register ApplicationContext instances org.springframework.boot.web.servlet.context.AnnotationConfigServletWebServerApplicationContext@4efcf8a
2025-08-05 14:48:39 [main] INFO  org.apache.coyote.http11.Http11NioProtocol - Starting ProtocolHandler ["http-nio-8080"]
2025-08-05 14:48:39 [main] INFO  o.s.boot.web.embedded.tomcat.TomcatWebServer - Tomcat started on port 8080 (http) with context path '/'
2025-08-05 14:48:39 [main] INFO  com.kezhang.E1DbMyBatisPlusCrudApplication - Started E1DbMyBatisPlusCrudApplication in 0.783 seconds (process running for 1.03)
2025-08-05 14:49:12 [http-nio-8080-exec-2] INFO  o.a.c.core.ContainerBase.[Tomcat].[localhost].[/] - Initializing Spring DispatcherServlet 'dispatcherServlet'
2025-08-05 14:49:12 [http-nio-8080-exec-2] INFO  org.springframework.web.servlet.DispatcherServlet - Initializing Servlet 'dispatcherServlet'
2025-08-05 14:49:12 [http-nio-8080-exec-2] INFO  org.springframework.web.servlet.DispatcherServlet - Completed initialization in 1 ms
2025-08-05 14:49:12 [http-nio-8080-exec-2] INFO  com.kezhang.controller.EmployeeController - Request received to insert employee ...
2025-08-05 14:49:12 [http-nio-8080-exec-2] INFO  com.kezhang.service.EmployeeService - Inserting new employee: EmployeeInsertDTO(username=TestUsername, name=TestName2, gender=1, phone=2222222222, jobTitle=2, departmentId=2, salary=123456.00, image=null, entryDate=2018-05-07)
2025-08-05 14:49:12 [http-nio-8080-exec-2] INFO  com.zaxxer.hikari.HikariDataSource - HikariPool-1 - Starting...
2025-08-05 14:49:12 [http-nio-8080-exec-2] INFO  com.zaxxer.hikari.pool.HikariPool - HikariPool-1 - Added connection com.mysql.cj.jdbc.ConnectionImpl@117d676a
2025-08-05 14:49:12 [http-nio-8080-exec-2] INFO  com.zaxxer.hikari.HikariDataSource - HikariPool-1 - Start completed.
2025-08-05 14:49:12 [http-nio-8080-exec-2] INFO  com.kezhang.service.EmployeeService - Inserted new employee, affected rows: 1 New employee ID: 63
2025-08-05 14:49:12 [http-nio-8080-exec-2] INFO  com.kezhang.controller.EmployeeController - Employee inserted successfully.
2025-08-05 14:49:58 [SpringApplicationShutdownHook] INFO  o.s.boot.web.embedded.tomcat.GracefulShutdown - Commencing graceful shutdown. Waiting for active requests to complete
2025-08-05 14:50:00 [tomcat-shutdown] INFO  o.s.boot.web.embedded.tomcat.GracefulShutdown - Graceful shutdown complete
2025-08-05 14:50:00 [SpringApplicationShutdownHook] INFO  com.zaxxer.hikari.HikariDataSource - HikariPool-1 - Shutdown initiated...
2025-08-05 14:50:00 [SpringApplicationShutdownHook] INFO  com.zaxxer.hikari.HikariDataSource - HikariPool-1 - Shutdown completed.
2025-08-05 15:15:32 [main] INFO  com.kezhang.E1DbMyBatisPlusCrudApplication - Starting E1DbMyBatisPlusCrudApplication using Java 21.0.7 with PID 5723 (/Users/zhangke/Documents/Programming/JavaWeb-Learning/E1-DB-MyBatisPlus-CRUD/target/classes started by zhangke in /Users/zhangke/Documents/Programming/JavaWeb-Learning)
2025-08-05 15:15:32 [main] INFO  com.kezhang.E1DbMyBatisPlusCrudApplication - No active profile set, falling back to 1 default profile: "default"
2025-08-05 15:15:32 [main] INFO  o.s.boot.web.embedded.tomcat.TomcatWebServer - Tomcat initialized with port 8080 (http)
2025-08-05 15:15:32 [main] INFO  org.apache.coyote.http11.Http11NioProtocol - Initializing ProtocolHandler ["http-nio-8080"]
2025-08-05 15:15:32 [main] INFO  org.apache.catalina.core.StandardService - Starting service [Tomcat]
2025-08-05 15:15:32 [main] INFO  org.apache.catalina.core.StandardEngine - Starting Servlet engine: [Apache Tomcat/10.1.43]
2025-08-05 15:15:32 [main] INFO  o.a.c.core.ContainerBase.[Tomcat].[localhost].[/] - Initializing Spring embedded WebApplicationContext
2025-08-05 15:15:32 [main] INFO  o.s.b.w.s.c.ServletWebServerApplicationContext - Root WebApplicationContext: initialization completed in 313 ms
2025-08-05 15:15:33 [main] INFO  c.b.m.e.spring.MybatisPlusApplicationContextAware - Register ApplicationContext instances org.springframework.boot.web.servlet.context.AnnotationConfigServletWebServerApplicationContext@44a2b17b
2025-08-05 15:15:33 [main] INFO  org.apache.coyote.http11.Http11NioProtocol - Starting ProtocolHandler ["http-nio-8080"]
2025-08-05 15:15:33 [main] INFO  o.s.boot.web.embedded.tomcat.TomcatWebServer - Tomcat started on port 8080 (http) with context path '/'
2025-08-05 15:15:33 [main] INFO  com.kezhang.E1DbMyBatisPlusCrudApplication - Started E1DbMyBatisPlusCrudApplication in 0.73 seconds (process running for 0.946)
2025-08-05 15:16:18 [http-nio-8080-exec-2] INFO  o.a.c.core.ContainerBase.[Tomcat].[localhost].[/] - Initializing Spring DispatcherServlet 'dispatcherServlet'
2025-08-05 15:16:18 [http-nio-8080-exec-2] INFO  org.springframework.web.servlet.DispatcherServlet - Initializing Servlet 'dispatcherServlet'
2025-08-05 15:16:18 [http-nio-8080-exec-2] INFO  org.springframework.web.servlet.DispatcherServlet - Completed initialization in 0 ms
2025-08-05 15:16:18 [http-nio-8080-exec-2] INFO  com.kezhang.controller.EmployeeController - Request received ...
2025-08-05 15:16:18 [http-nio-8080-exec-2] INFO  com.kezhang.service.EmployeeService - Fetching all employees from the database.
2025-08-05 15:16:18 [http-nio-8080-exec-2] INFO  com.zaxxer.hikari.HikariDataSource - HikariPool-1 - Starting...
2025-08-05 15:16:18 [http-nio-8080-exec-2] INFO  com.zaxxer.hikari.pool.HikariPool - HikariPool-1 - Added connection com.mysql.cj.jdbc.ConnectionImpl@258ead26
2025-08-05 15:16:18 [http-nio-8080-exec-2] INFO  com.zaxxer.hikari.HikariDataSource - HikariPool-1 - Start completed.
2025-08-05 15:17:02 [http-nio-8080-exec-3] INFO  com.kezhang.controller.EmployeeController - Request received to delete employee with ID: 63
2025-08-05 15:17:02 [http-nio-8080-exec-3] INFO  com.kezhang.service.EmployeeService - Deleting employee with ID: 63
2025-08-05 15:17:02 [http-nio-8080-exec-3] INFO  com.kezhang.service.EmployeeService - Deleted employee with ID: 63, affected rows: 1
2025-08-05 15:17:02 [http-nio-8080-exec-3] INFO  com.kezhang.controller.EmployeeController - Employee with ID: 63 deleted successfully.
2025-08-05 15:17:06 [http-nio-8080-exec-4] INFO  com.kezhang.controller.EmployeeController - Request received ...
2025-08-05 15:17:06 [http-nio-8080-exec-4] INFO  com.kezhang.service.EmployeeService - Fetching all employees from the database.
2025-08-05 15:19:42 [http-nio-8080-exec-6] INFO  com.kezhang.controller.EmployeeController - Request received to insert employee ...
2025-08-05 15:19:42 [http-nio-8080-exec-6] INFO  com.kezhang.service.EmployeeService - Inserting new employee: EmployeeInsertDTO(username=TestUsername, name=TestName2, gender=1, phone=2222222222, jobTitle=2, departmentId=2, salary=123456.00, image=null, entryDate=2018-05-07)
2025-08-05 15:19:42 [http-nio-8080-exec-6] INFO  com.kezhang.service.EmployeeService - Inserted new employee, affected rows: 1 New employee ID: 64
2025-08-05 15:19:42 [http-nio-8080-exec-6] INFO  com.kezhang.controller.EmployeeController - Employee inserted successfully.
2025-08-05 15:19:59 [http-nio-8080-exec-8] INFO  com.kezhang.controller.EmployeeController - Request received to insert employee ...
2025-08-05 15:19:59 [http-nio-8080-exec-8] INFO  com.kezhang.service.EmployeeService - Inserting new employee: EmployeeInsertDTO(username=TestUsername, name=TestName3, gender=1, phone=3333333333, jobTitle=3, departmentId=3, salary=123456.00, image=null, entryDate=2019-05-07)
2025-08-05 15:19:59 [http-nio-8080-exec-8] INFO  com.kezhang.service.EmployeeService - Inserted new employee, affected rows: 1 New employee ID: 65
2025-08-05 15:19:59 [http-nio-8080-exec-8] INFO  com.kezhang.controller.EmployeeController - Employee inserted successfully.
2025-08-05 15:20:13 [http-nio-8080-exec-9] INFO  com.kezhang.controller.EmployeeController - Request received to insert employee ...
2025-08-05 15:20:13 [http-nio-8080-exec-9] INFO  com.kezhang.service.EmployeeService - Inserting new employee: EmployeeInsertDTO(username=TestUsername, name=TestName4, gender=1, phone=4444444444, jobTitle=4, departmentId=4, salary=123456.00, image=null, entryDate=2020-05-07)
2025-08-05 15:20:13 [http-nio-8080-exec-9] INFO  com.kezhang.service.EmployeeService - Inserted new employee, affected rows: 1 New employee ID: 66
2025-08-05 15:20:13 [http-nio-8080-exec-9] INFO  com.kezhang.controller.EmployeeController - Employee inserted successfully.
2025-08-05 15:20:16 [http-nio-8080-exec-10] INFO  com.kezhang.controller.EmployeeController - Request received ...
2025-08-05 15:20:16 [http-nio-8080-exec-10] INFO  com.kezhang.service.EmployeeService - Fetching all employees from the database.
2025-08-05 15:30:55 [http-nio-8080-exec-3] INFO  org.apache.coyote.http11.Http11Processor - Error parsing HTTP request header
 Note: further occurrences of HTTP request parsing errors will be logged at DEBUG level.
java.lang.IllegalArgumentException: Invalid character found in the request target [/employee/delete?ids=[64,65,66] ]. The valid characters are defined in RFC 7230 and RFC 3986
	at org.apache.coyote.http11.Http11InputBuffer.parseRequestLine(Http11InputBuffer.java:478)
	at org.apache.coyote.http11.Http11Processor.service(Http11Processor.java:271)
	at org.apache.coyote.AbstractProcessorLight.process(AbstractProcessorLight.java:63)
	at org.apache.coyote.AbstractProtocol$ConnectionHandler.process(AbstractProtocol.java:903)
	at org.apache.tomcat.util.net.NioEndpoint$SocketProcessor.doRun(NioEndpoint.java:1769)
	at org.apache.tomcat.util.net.SocketProcessorBase.run(SocketProcessorBase.java:52)
	at org.apache.tomcat.util.threads.ThreadPoolExecutor.runWorker(ThreadPoolExecutor.java:1189)
	at org.apache.tomcat.util.threads.ThreadPoolExecutor$Worker.run(ThreadPoolExecutor.java:658)
	at org.apache.tomcat.util.threads.TaskThread$WrappingRunnable.run(TaskThread.java:63)
	at java.base/java.lang.Thread.run(Thread.java:1583)
2025-08-05 15:31:10 [http-nio-8080-exec-5] INFO  org.apache.coyote.http11.Http11Processor - Error parsing HTTP request header
 Note: further occurrences of HTTP request parsing errors will be logged at DEBUG level.
java.lang.IllegalArgumentException: Invalid character found in the request target [/employee/delete?ids=[64,65,66] ]. The valid characters are defined in RFC 7230 and RFC 3986
	at org.apache.coyote.http11.Http11InputBuffer.parseRequestLine(Http11InputBuffer.java:478)
	at org.apache.coyote.http11.Http11Processor.service(Http11Processor.java:271)
	at org.apache.coyote.AbstractProcessorLight.process(AbstractProcessorLight.java:63)
	at org.apache.coyote.AbstractProtocol$ConnectionHandler.process(AbstractProtocol.java:903)
	at org.apache.tomcat.util.net.NioEndpoint$SocketProcessor.doRun(NioEndpoint.java:1769)
	at org.apache.tomcat.util.net.SocketProcessorBase.run(SocketProcessorBase.java:52)
	at org.apache.tomcat.util.threads.ThreadPoolExecutor.runWorker(ThreadPoolExecutor.java:1189)
	at org.apache.tomcat.util.threads.ThreadPoolExecutor$Worker.run(ThreadPoolExecutor.java:658)
	at org.apache.tomcat.util.threads.TaskThread$WrappingRunnable.run(TaskThread.java:63)
	at java.base/java.lang.Thread.run(Thread.java:1583)
2025-08-05 15:31:33 [SpringApplicationShutdownHook] INFO  o.s.boot.web.embedded.tomcat.GracefulShutdown - Commencing graceful shutdown. Waiting for active requests to complete
2025-08-05 15:31:35 [tomcat-shutdown] INFO  o.s.boot.web.embedded.tomcat.GracefulShutdown - Graceful shutdown complete
2025-08-05 15:31:35 [SpringApplicationShutdownHook] INFO  com.zaxxer.hikari.HikariDataSource - HikariPool-1 - Shutdown initiated...
2025-08-05 15:31:35 [SpringApplicationShutdownHook] INFO  com.zaxxer.hikari.HikariDataSource - HikariPool-1 - Shutdown completed.
2025-08-05 15:31:36 [main] INFO  com.kezhang.E1DbMyBatisPlusCrudApplication - Starting E1DbMyBatisPlusCrudApplication using Java 21.0.7 with PID 5834 (/Users/zhangke/Documents/Programming/JavaWeb-Learning/E1-DB-MyBatisPlus-CRUD/target/classes started by zhangke in /Users/zhangke/Documents/Programming/JavaWeb-Learning)
2025-08-05 15:31:36 [main] INFO  com.kezhang.E1DbMyBatisPlusCrudApplication - No active profile set, falling back to 1 default profile: "default"
2025-08-05 15:31:37 [main] INFO  o.s.boot.web.embedded.tomcat.TomcatWebServer - Tomcat initialized with port 8080 (http)
2025-08-05 15:31:37 [main] INFO  org.apache.coyote.http11.Http11NioProtocol - Initializing ProtocolHandler ["http-nio-8080"]
2025-08-05 15:31:37 [main] INFO  org.apache.catalina.core.StandardService - Starting service [Tomcat]
2025-08-05 15:31:37 [main] INFO  org.apache.catalina.core.StandardEngine - Starting Servlet engine: [Apache Tomcat/10.1.43]
2025-08-05 15:31:37 [main] INFO  o.a.c.core.ContainerBase.[Tomcat].[localhost].[/] - Initializing Spring embedded WebApplicationContext
2025-08-05 15:31:37 [main] INFO  o.s.b.w.s.c.ServletWebServerApplicationContext - Root WebApplicationContext: initialization completed in 293 ms
2025-08-05 15:31:37 [main] INFO  c.b.m.e.spring.MybatisPlusApplicationContextAware - Register ApplicationContext instances org.springframework.boot.web.servlet.context.AnnotationConfigServletWebServerApplicationContext@307765b4
2025-08-05 15:31:37 [main] INFO  org.apache.coyote.http11.Http11NioProtocol - Starting ProtocolHandler ["http-nio-8080"]
2025-08-05 15:31:37 [main] INFO  o.s.boot.web.embedded.tomcat.TomcatWebServer - Tomcat started on port 8080 (http) with context path '/'
2025-08-05 15:31:37 [main] INFO  com.kezhang.E1DbMyBatisPlusCrudApplication - Started E1DbMyBatisPlusCrudApplication in 0.706 seconds (process running for 0.951)
2025-08-05 15:31:40 [http-nio-8080-exec-2] INFO  o.a.c.core.ContainerBase.[Tomcat].[localhost].[/] - Initializing Spring DispatcherServlet 'dispatcherServlet'
2025-08-05 15:31:40 [http-nio-8080-exec-2] INFO  org.springframework.web.servlet.DispatcherServlet - Initializing Servlet 'dispatcherServlet'
2025-08-05 15:31:40 [http-nio-8080-exec-2] INFO  org.springframework.web.servlet.DispatcherServlet - Completed initialization in 0 ms
2025-08-05 15:31:40 [http-nio-8080-exec-2] INFO  com.kezhang.controller.EmployeeController - Request received to delete employees with IDs: [64, 65, 66]
2025-08-05 15:31:40 [http-nio-8080-exec-2] INFO  com.kezhang.service.EmployeeService - Deleting employees with IDs: [64, 65, 66]
2025-08-05 15:31:40 [http-nio-8080-exec-2] INFO  com.zaxxer.hikari.HikariDataSource - HikariPool-1 - Starting...
2025-08-05 15:31:40 [http-nio-8080-exec-2] INFO  com.zaxxer.hikari.pool.HikariPool - HikariPool-1 - Added connection com.mysql.cj.jdbc.ConnectionImpl@7e136d59
2025-08-05 15:31:40 [http-nio-8080-exec-2] INFO  com.zaxxer.hikari.HikariDataSource - HikariPool-1 - Start completed.
2025-08-05 15:31:40 [http-nio-8080-exec-2] INFO  com.kezhang.service.EmployeeService - Deleted employees with IDs: [64, 65, 66], affected rows: 3
2025-08-05 15:31:40 [http-nio-8080-exec-2] INFO  com.kezhang.controller.EmployeeController - Employees with IDs: [64, 65, 66] deleted successfully.
2025-08-05 15:31:43 [http-nio-8080-exec-3] INFO  com.kezhang.controller.EmployeeController - Request received ...
2025-08-05 15:31:43 [http-nio-8080-exec-3] INFO  com.kezhang.service.EmployeeService - Fetching all employees from the database.
2025-08-05 15:54:15 [SpringApplicationShutdownHook] INFO  o.s.boot.web.embedded.tomcat.GracefulShutdown - Commencing graceful shutdown. Waiting for active requests to complete
2025-08-05 15:54:17 [tomcat-shutdown] INFO  o.s.boot.web.embedded.tomcat.GracefulShutdown - Graceful shutdown complete
2025-08-05 15:54:17 [SpringApplicationShutdownHook] INFO  com.zaxxer.hikari.HikariDataSource - HikariPool-1 - Shutdown initiated...
2025-08-05 15:54:17 [SpringApplicationShutdownHook] INFO  com.zaxxer.hikari.HikariDataSource - HikariPool-1 - Shutdown completed.
2025-08-05 15:55:11 [main] INFO  com.kezhang.E1DbMyBatisPlusCrudApplication - Starting E1DbMyBatisPlusCrudApplication using Java 21.0.7 with PID 6049 (/Users/zhangke/Documents/Programming/JavaWeb-Learning/E1-DB-MyBatisPlus-CRUD/target/classes started by zhangke in /Users/zhangke/Documents/Programming/JavaWeb-Learning)
2025-08-05 15:55:11 [main] INFO  com.kezhang.E1DbMyBatisPlusCrudApplication - No active profile set, falling back to 1 default profile: "default"
2025-08-05 15:55:11 [main] INFO  o.s.boot.web.embedded.tomcat.TomcatWebServer - Tomcat initialized with port 8080 (http)
2025-08-05 15:55:11 [main] INFO  org.apache.coyote.http11.Http11NioProtocol - Initializing ProtocolHandler ["http-nio-8080"]
2025-08-05 15:55:11 [main] INFO  org.apache.catalina.core.StandardService - Starting service [Tomcat]
2025-08-05 15:55:11 [main] INFO  org.apache.catalina.core.StandardEngine - Starting Servlet engine: [Apache Tomcat/10.1.43]
2025-08-05 15:55:11 [main] INFO  o.a.c.core.ContainerBase.[Tomcat].[localhost].[/] - Initializing Spring embedded WebApplicationContext
2025-08-05 15:55:11 [main] INFO  o.s.b.w.s.c.ServletWebServerApplicationContext - Root WebApplicationContext: initialization completed in 293 ms
2025-08-05 15:55:11 [main] WARN  o.s.b.w.s.c.AnnotationConfigServletWebServerApplicationContext - Exception encountered during context initialization - cancelling refresh attempt: org.springframework.beans.factory.BeanCreationException: Error creating bean with name 'requestMappingHandlerMapping' defined in class path resource [org/springframework/boot/autoconfigure/web/servlet/WebMvcAutoConfiguration$EnableWebMvcConfiguration.class]: Ambiguous mapping. Cannot map 'employeeController' method 
com.kezhang.controller.EmployeeController#deleteEmployeeByCondition(EmployeeDeleteDTO)
to {DELETE [/employee/delete]}: There is already 'employeeController' bean method
com.kezhang.controller.EmployeeController#deleteEmployeesByIds(List) mapped.
2025-08-05 15:55:11 [main] INFO  org.apache.catalina.core.StandardService - Stopping service [Tomcat]
2025-08-05 15:55:11 [main] INFO  o.s.b.a.logging.ConditionEvaluationReportLogger - 

Error starting ApplicationContext. To display the condition evaluation report re-run your application with 'debug' enabled.
2025-08-05 15:55:11 [main] ERROR org.springframework.boot.SpringApplication - Application run failed
org.springframework.beans.factory.BeanCreationException: Error creating bean with name 'requestMappingHandlerMapping' defined in class path resource [org/springframework/boot/autoconfigure/web/servlet/WebMvcAutoConfiguration$EnableWebMvcConfiguration.class]: Ambiguous mapping. Cannot map 'employeeController' method 
com.kezhang.controller.EmployeeController#deleteEmployeeByCondition(EmployeeDeleteDTO)
to {DELETE [/employee/delete]}: There is already 'employeeController' bean method
com.kezhang.controller.EmployeeController#deleteEmployeesByIds(List) mapped.
	at org.springframework.beans.factory.support.AbstractAutowireCapableBeanFactory.initializeBean(AbstractAutowireCapableBeanFactory.java:1826)
	at org.springframework.beans.factory.support.AbstractAutowireCapableBeanFactory.doCreateBean(AbstractAutowireCapableBeanFactory.java:607)
	at org.springframework.beans.factory.support.AbstractAutowireCapableBeanFactory.createBean(AbstractAutowireCapableBeanFactory.java:529)
	at org.springframework.beans.factory.support.AbstractBeanFactory.lambda$doGetBean$0(AbstractBeanFactory.java:339)
	at org.springframework.beans.factory.support.DefaultSingletonBeanRegistry.getSingleton(DefaultSingletonBeanRegistry.java:373)
	at org.springframework.beans.factory.support.AbstractBeanFactory.doGetBean(AbstractBeanFactory.java:337)
	at org.springframework.beans.factory.support.AbstractBeanFactory.getBean(AbstractBeanFactory.java:202)
	at org.springframework.beans.factory.support.DefaultListableBeanFactory.instantiateSingleton(DefaultListableBeanFactory.java:1222)
	at org.springframework.beans.factory.support.DefaultListableBeanFactory.preInstantiateSingleton(DefaultListableBeanFactory.java:1188)
	at org.springframework.beans.factory.support.DefaultListableBeanFactory.preInstantiateSingletons(DefaultListableBeanFactory.java:1123)
	at org.springframework.context.support.AbstractApplicationContext.finishBeanFactoryInitialization(AbstractApplicationContext.java:987)
	at org.springframework.context.support.AbstractApplicationContext.refresh(AbstractApplicationContext.java:627)
	at org.springframework.boot.web.servlet.context.ServletWebServerApplicationContext.refresh(ServletWebServerApplicationContext.java:146)
	at org.springframework.boot.SpringApplication.refresh(SpringApplication.java:752)
	at org.springframework.boot.SpringApplication.refreshContext(SpringApplication.java:439)
	at org.springframework.boot.SpringApplication.run(SpringApplication.java:318)
	at org.springframework.boot.SpringApplication.run(SpringApplication.java:1361)
	at org.springframework.boot.SpringApplication.run(SpringApplication.java:1350)
	at com.kezhang.E1DbMyBatisPlusCrudApplication.main(E1DbMyBatisPlusCrudApplication.java:12)
Caused by: java.lang.IllegalStateException: Ambiguous mapping. Cannot map 'employeeController' method 
com.kezhang.controller.EmployeeController#deleteEmployeeByCondition(EmployeeDeleteDTO)
to {DELETE [/employee/delete]}: There is already 'employeeController' bean method
com.kezhang.controller.EmployeeController#deleteEmployeesByIds(List) mapped.
	at org.springframework.web.servlet.handler.AbstractHandlerMethodMapping$MappingRegistry.validateMethodMapping(AbstractHandlerMethodMapping.java:676)
	at org.springframework.web.servlet.handler.AbstractHandlerMethodMapping$MappingRegistry.register(AbstractHandlerMethodMapping.java:637)
	at org.springframework.web.servlet.handler.AbstractHandlerMethodMapping.registerHandlerMethod(AbstractHandlerMethodMapping.java:331)
	at org.springframework.web.servlet.mvc.method.annotation.RequestMappingHandlerMapping.registerHandlerMethod(RequestMappingHandlerMapping.java:507)
	at org.springframework.web.servlet.mvc.method.annotation.RequestMappingHandlerMapping.registerHandlerMethod(RequestMappingHandlerMapping.java:84)
	at org.springframework.web.servlet.handler.AbstractHandlerMethodMapping.lambda$detectHandlerMethods$2(AbstractHandlerMethodMapping.java:298)
	at java.base/java.util.LinkedHashMap.forEach(LinkedHashMap.java:986)
	at org.springframework.web.servlet.handler.AbstractHandlerMethodMapping.detectHandlerMethods(AbstractHandlerMethodMapping.java:296)
	at org.springframework.web.servlet.handler.AbstractHandlerMethodMapping.processCandidateBean(AbstractHandlerMethodMapping.java:265)
	at org.springframework.web.servlet.handler.AbstractHandlerMethodMapping.initHandlerMethods(AbstractHandlerMethodMapping.java:224)
	at org.springframework.web.servlet.handler.AbstractHandlerMethodMapping.afterPropertiesSet(AbstractHandlerMethodMapping.java:212)
	at org.springframework.web.servlet.mvc.method.annotation.RequestMappingHandlerMapping.afterPropertiesSet(RequestMappingHandlerMapping.java:237)
	at org.springframework.beans.factory.support.AbstractAutowireCapableBeanFactory.invokeInitMethods(AbstractAutowireCapableBeanFactory.java:1873)
	at org.springframework.beans.factory.support.AbstractAutowireCapableBeanFactory.initializeBean(AbstractAutowireCapableBeanFactory.java:1822)
	... 18 common frames omitted
2025-08-05 15:55:26 [main] INFO  com.kezhang.E1DbMyBatisPlusCrudApplication - Starting E1DbMyBatisPlusCrudApplication using Java 21.0.7 with PID 6056 (/Users/zhangke/Documents/Programming/JavaWeb-Learning/E1-DB-MyBatisPlus-CRUD/target/classes started by zhangke in /Users/zhangke/Documents/Programming/JavaWeb-Learning)
2025-08-05 15:55:26 [main] INFO  com.kezhang.E1DbMyBatisPlusCrudApplication - No active profile set, falling back to 1 default profile: "default"
2025-08-05 15:55:26 [main] INFO  o.s.boot.web.embedded.tomcat.TomcatWebServer - Tomcat initialized with port 8080 (http)
2025-08-05 15:55:26 [main] INFO  org.apache.coyote.http11.Http11NioProtocol - Initializing ProtocolHandler ["http-nio-8080"]
2025-08-05 15:55:27 [main] INFO  org.apache.catalina.core.StandardService - Starting service [Tomcat]
2025-08-05 15:55:27 [main] INFO  org.apache.catalina.core.StandardEngine - Starting Servlet engine: [Apache Tomcat/10.1.43]
2025-08-05 15:55:27 [main] INFO  o.a.c.core.ContainerBase.[Tomcat].[localhost].[/] - Initializing Spring embedded WebApplicationContext
2025-08-05 15:55:27 [main] INFO  o.s.b.w.s.c.ServletWebServerApplicationContext - Root WebApplicationContext: initialization completed in 270 ms
2025-08-05 15:55:27 [main] WARN  o.s.b.w.s.c.AnnotationConfigServletWebServerApplicationContext - Exception encountered during context initialization - cancelling refresh attempt: org.springframework.beans.factory.BeanCreationException: Error creating bean with name 'requestMappingHandlerMapping' defined in class path resource [org/springframework/boot/autoconfigure/web/servlet/WebMvcAutoConfiguration$EnableWebMvcConfiguration.class]: Ambiguous mapping. Cannot map 'employeeController' method 
com.kezhang.controller.EmployeeController#deleteEmployeesByIds(List)
to {DELETE [/employee/delete]}: There is already 'employeeController' bean method
com.kezhang.controller.EmployeeController#deleteEmployeeByCondition(EmployeeDeleteDTO) mapped.
2025-08-05 15:55:27 [main] INFO  org.apache.catalina.core.StandardService - Stopping service [Tomcat]
2025-08-05 15:55:27 [main] INFO  o.s.b.a.logging.ConditionEvaluationReportLogger - 

Error starting ApplicationContext. To display the condition evaluation report re-run your application with 'debug' enabled.
2025-08-05 15:55:27 [main] ERROR org.springframework.boot.SpringApplication - Application run failed
org.springframework.beans.factory.BeanCreationException: Error creating bean with name 'requestMappingHandlerMapping' defined in class path resource [org/springframework/boot/autoconfigure/web/servlet/WebMvcAutoConfiguration$EnableWebMvcConfiguration.class]: Ambiguous mapping. Cannot map 'employeeController' method 
com.kezhang.controller.EmployeeController#deleteEmployeesByIds(List)
to {DELETE [/employee/delete]}: There is already 'employeeController' bean method
com.kezhang.controller.EmployeeController#deleteEmployeeByCondition(EmployeeDeleteDTO) mapped.
	at org.springframework.beans.factory.support.AbstractAutowireCapableBeanFactory.initializeBean(AbstractAutowireCapableBeanFactory.java:1826)
	at org.springframework.beans.factory.support.AbstractAutowireCapableBeanFactory.doCreateBean(AbstractAutowireCapableBeanFactory.java:607)
	at org.springframework.beans.factory.support.AbstractAutowireCapableBeanFactory.createBean(AbstractAutowireCapableBeanFactory.java:529)
	at org.springframework.beans.factory.support.AbstractBeanFactory.lambda$doGetBean$0(AbstractBeanFactory.java:339)
	at org.springframework.beans.factory.support.DefaultSingletonBeanRegistry.getSingleton(DefaultSingletonBeanRegistry.java:373)
	at org.springframework.beans.factory.support.AbstractBeanFactory.doGetBean(AbstractBeanFactory.java:337)
	at org.springframework.beans.factory.support.AbstractBeanFactory.getBean(AbstractBeanFactory.java:202)
	at org.springframework.beans.factory.support.DefaultListableBeanFactory.instantiateSingleton(DefaultListableBeanFactory.java:1222)
	at org.springframework.beans.factory.support.DefaultListableBeanFactory.preInstantiateSingleton(DefaultListableBeanFactory.java:1188)
	at org.springframework.beans.factory.support.DefaultListableBeanFactory.preInstantiateSingletons(DefaultListableBeanFactory.java:1123)
	at org.springframework.context.support.AbstractApplicationContext.finishBeanFactoryInitialization(AbstractApplicationContext.java:987)
	at org.springframework.context.support.AbstractApplicationContext.refresh(AbstractApplicationContext.java:627)
	at org.springframework.boot.web.servlet.context.ServletWebServerApplicationContext.refresh(ServletWebServerApplicationContext.java:146)
	at org.springframework.boot.SpringApplication.refresh(SpringApplication.java:752)
	at org.springframework.boot.SpringApplication.refreshContext(SpringApplication.java:439)
	at org.springframework.boot.SpringApplication.run(SpringApplication.java:318)
	at org.springframework.boot.SpringApplication.run(SpringApplication.java:1361)
	at org.springframework.boot.SpringApplication.run(SpringApplication.java:1350)
	at com.kezhang.E1DbMyBatisPlusCrudApplication.main(E1DbMyBatisPlusCrudApplication.java:12)
Caused by: java.lang.IllegalStateException: Ambiguous mapping. Cannot map 'employeeController' method 
com.kezhang.controller.EmployeeController#deleteEmployeesByIds(List)
to {DELETE [/employee/delete]}: There is already 'employeeController' bean method
com.kezhang.controller.EmployeeController#deleteEmployeeByCondition(EmployeeDeleteDTO) mapped.
	at org.springframework.web.servlet.handler.AbstractHandlerMethodMapping$MappingRegistry.validateMethodMapping(AbstractHandlerMethodMapping.java:676)
	at org.springframework.web.servlet.handler.AbstractHandlerMethodMapping$MappingRegistry.register(AbstractHandlerMethodMapping.java:637)
	at org.springframework.web.servlet.handler.AbstractHandlerMethodMapping.registerHandlerMethod(AbstractHandlerMethodMapping.java:331)
	at org.springframework.web.servlet.mvc.method.annotation.RequestMappingHandlerMapping.registerHandlerMethod(RequestMappingHandlerMapping.java:507)
	at org.springframework.web.servlet.mvc.method.annotation.RequestMappingHandlerMapping.registerHandlerMethod(RequestMappingHandlerMapping.java:84)
	at org.springframework.web.servlet.handler.AbstractHandlerMethodMapping.lambda$detectHandlerMethods$2(AbstractHandlerMethodMapping.java:298)
	at java.base/java.util.LinkedHashMap.forEach(LinkedHashMap.java:986)
	at org.springframework.web.servlet.handler.AbstractHandlerMethodMapping.detectHandlerMethods(AbstractHandlerMethodMapping.java:296)
	at org.springframework.web.servlet.handler.AbstractHandlerMethodMapping.processCandidateBean(AbstractHandlerMethodMapping.java:265)
	at org.springframework.web.servlet.handler.AbstractHandlerMethodMapping.initHandlerMethods(AbstractHandlerMethodMapping.java:224)
	at org.springframework.web.servlet.handler.AbstractHandlerMethodMapping.afterPropertiesSet(AbstractHandlerMethodMapping.java:212)
	at org.springframework.web.servlet.mvc.method.annotation.RequestMappingHandlerMapping.afterPropertiesSet(RequestMappingHandlerMapping.java:237)
	at org.springframework.beans.factory.support.AbstractAutowireCapableBeanFactory.invokeInitMethods(AbstractAutowireCapableBeanFactory.java:1873)
	at org.springframework.beans.factory.support.AbstractAutowireCapableBeanFactory.initializeBean(AbstractAutowireCapableBeanFactory.java:1822)
	... 18 common frames omitted
2025-08-05 15:55:59 [main] INFO  com.kezhang.E1DbMyBatisPlusCrudApplication - Starting E1DbMyBatisPlusCrudApplication using Java 21.0.7 with PID 6065 (/Users/zhangke/Documents/Programming/JavaWeb-Learning/E1-DB-MyBatisPlus-CRUD/target/classes started by zhangke in /Users/zhangke/Documents/Programming/JavaWeb-Learning)
2025-08-05 15:55:59 [main] INFO  com.kezhang.E1DbMyBatisPlusCrudApplication - No active profile set, falling back to 1 default profile: "default"
2025-08-05 15:56:00 [main] INFO  o.s.boot.web.embedded.tomcat.TomcatWebServer - Tomcat initialized with port 8080 (http)
2025-08-05 15:56:00 [main] INFO  org.apache.coyote.http11.Http11NioProtocol - Initializing ProtocolHandler ["http-nio-8080"]
2025-08-05 15:56:00 [main] INFO  org.apache.catalina.core.StandardService - Starting service [Tomcat]
2025-08-05 15:56:00 [main] INFO  org.apache.catalina.core.StandardEngine - Starting Servlet engine: [Apache Tomcat/10.1.43]
2025-08-05 15:56:00 [main] INFO  o.a.c.core.ContainerBase.[Tomcat].[localhost].[/] - Initializing Spring embedded WebApplicationContext
2025-08-05 15:56:00 [main] INFO  o.s.b.w.s.c.ServletWebServerApplicationContext - Root WebApplicationContext: initialization completed in 272 ms
2025-08-05 15:56:00 [main] INFO  c.b.m.e.spring.MybatisPlusApplicationContextAware - Register ApplicationContext instances org.springframework.boot.web.servlet.context.AnnotationConfigServletWebServerApplicationContext@459f7aa3
2025-08-05 15:56:00 [main] INFO  org.apache.coyote.http11.Http11NioProtocol - Starting ProtocolHandler ["http-nio-8080"]
2025-08-05 15:56:00 [main] INFO  o.s.boot.web.embedded.tomcat.TomcatWebServer - Tomcat started on port 8080 (http) with context path '/'
2025-08-05 15:56:00 [main] INFO  com.kezhang.E1DbMyBatisPlusCrudApplication - Started E1DbMyBatisPlusCrudApplication in 0.681 seconds (process running for 0.878)
2025-08-05 15:57:11 [http-nio-8080-exec-2] INFO  o.a.c.core.ContainerBase.[Tomcat].[localhost].[/] - Initializing Spring DispatcherServlet 'dispatcherServlet'
2025-08-05 15:57:11 [http-nio-8080-exec-2] INFO  org.springframework.web.servlet.DispatcherServlet - Initializing Servlet 'dispatcherServlet'
2025-08-05 15:57:11 [http-nio-8080-exec-2] INFO  org.springframework.web.servlet.DispatcherServlet - Completed initialization in 1 ms
2025-08-05 15:57:11 [http-nio-8080-exec-2] INFO  com.kezhang.controller.EmployeeController - Request received to delete employee by condition: EmployeeDeleteDTO(name=TestName, gender=1)
2025-08-05 15:57:11 [http-nio-8080-exec-2] INFO  com.kezhang.service.EmployeeService - Deleting employee by condition: EmployeeDeleteDTO(name=TestName, gender=1)
2025-08-05 15:57:11 [http-nio-8080-exec-2] INFO  com.zaxxer.hikari.HikariDataSource - HikariPool-1 - Starting...
2025-08-05 15:57:11 [http-nio-8080-exec-2] INFO  com.zaxxer.hikari.pool.HikariPool - HikariPool-1 - Added connection com.mysql.cj.jdbc.ConnectionImpl@84cda33
2025-08-05 15:57:11 [http-nio-8080-exec-2] INFO  com.zaxxer.hikari.HikariDataSource - HikariPool-1 - Start completed.
2025-08-05 15:57:11 [http-nio-8080-exec-2] INFO  com.kezhang.service.EmployeeService - Deleted employee by condition: EmployeeDeleteDTO(name=TestName, gender=1), condition map: {gender=1, name=TestName}
2025-08-05 15:57:11 [http-nio-8080-exec-2] INFO  com.kezhang.controller.EmployeeController - Employee deleted successfully by condition.
2025-08-05 15:57:15 [http-nio-8080-exec-3] INFO  com.kezhang.controller.EmployeeController - Request received ...
2025-08-05 15:57:15 [http-nio-8080-exec-3] INFO  com.kezhang.service.EmployeeService - Fetching all employees from the database.
2025-08-05 17:15:00 [SpringApplicationShutdownHook] INFO  o.s.boot.web.embedded.tomcat.GracefulShutdown - Commencing graceful shutdown. Waiting for active requests to complete
2025-08-05 17:15:02 [tomcat-shutdown] INFO  o.s.boot.web.embedded.tomcat.GracefulShutdown - Graceful shutdown complete
2025-08-05 17:15:02 [SpringApplicationShutdownHook] INFO  com.zaxxer.hikari.HikariDataSource - HikariPool-1 - Shutdown initiated...
2025-08-05 17:15:02 [SpringApplicationShutdownHook] INFO  com.zaxxer.hikari.HikariDataSource - HikariPool-1 - Shutdown completed.
2025-08-05 17:15:04 [main] INFO  com.kezhang.E1DbMyBatisPlusCrudApplication - Starting E1DbMyBatisPlusCrudApplication using Java 21.0.7 with PID 6670 (/Users/zhangke/Documents/Programming/JavaWeb-Learning/E1-DB-MyBatisPlus-CRUD/target/classes started by zhangke in /Users/zhangke/Documents/Programming/JavaWeb-Learning)
2025-08-05 17:15:04 [main] INFO  com.kezhang.E1DbMyBatisPlusCrudApplication - No active profile set, falling back to 1 default profile: "default"
2025-08-05 17:15:05 [main] INFO  o.s.boot.web.embedded.tomcat.TomcatWebServer - Tomcat initialized with port 8080 (http)
2025-08-05 17:15:05 [main] INFO  org.apache.coyote.http11.Http11NioProtocol - Initializing ProtocolHandler ["http-nio-8080"]
2025-08-05 17:15:05 [main] INFO  org.apache.catalina.core.StandardService - Starting service [Tomcat]
2025-08-05 17:15:05 [main] INFO  org.apache.catalina.core.StandardEngine - Starting Servlet engine: [Apache Tomcat/10.1.43]
2025-08-05 17:15:05 [main] INFO  o.a.c.core.ContainerBase.[Tomcat].[localhost].[/] - Initializing Spring embedded WebApplicationContext
2025-08-05 17:15:05 [main] INFO  o.s.b.w.s.c.ServletWebServerApplicationContext - Root WebApplicationContext: initialization completed in 306 ms
2025-08-05 17:15:05 [main] INFO  c.b.m.e.spring.MybatisPlusApplicationContextAware - Register ApplicationContext instances org.springframework.boot.web.servlet.context.AnnotationConfigServletWebServerApplicationContext@459f7aa3
2025-08-05 17:15:05 [main] INFO  org.apache.coyote.http11.Http11NioProtocol - Starting ProtocolHandler ["http-nio-8080"]
2025-08-05 17:15:05 [main] INFO  o.s.boot.web.embedded.tomcat.TomcatWebServer - Tomcat started on port 8080 (http) with context path '/'
2025-08-05 17:15:05 [main] INFO  com.kezhang.E1DbMyBatisPlusCrudApplication - Started E1DbMyBatisPlusCrudApplication in 0.739 seconds (process running for 0.964)
2025-08-05 17:17:13 [http-nio-8080-exec-2] INFO  o.a.c.core.ContainerBase.[Tomcat].[localhost].[/] - Initializing Spring DispatcherServlet 'dispatcherServlet'
2025-08-05 17:17:13 [http-nio-8080-exec-2] INFO  org.springframework.web.servlet.DispatcherServlet - Initializing Servlet 'dispatcherServlet'
2025-08-05 17:17:13 [http-nio-8080-exec-2] INFO  org.springframework.web.servlet.DispatcherServlet - Completed initialization in 0 ms
2025-08-05 17:17:13 [http-nio-8080-exec-2] INFO  com.kezhang.controller.EmployeeController - Request received to insert employee ...
2025-08-05 17:17:13 [http-nio-8080-exec-2] INFO  com.kezhang.service.EmployeeService - Inserting new employee: EmployeeInsertDTO(username=TestUsername, name=TestName4, gender=1, phone=4444444444, jobTitle=4, departmentId=4, salary=123456.00, image=null, entryDate=2020-05-07)
2025-08-05 17:17:13 [http-nio-8080-exec-2] INFO  com.zaxxer.hikari.HikariDataSource - HikariPool-1 - Starting...
2025-08-05 17:17:13 [http-nio-8080-exec-2] INFO  com.zaxxer.hikari.pool.HikariPool - HikariPool-1 - Added connection com.mysql.cj.jdbc.ConnectionImpl@33891f7d
2025-08-05 17:17:13 [http-nio-8080-exec-2] INFO  com.zaxxer.hikari.HikariDataSource - HikariPool-1 - Start completed.
2025-08-05 17:17:13 [http-nio-8080-exec-2] INFO  com.kezhang.service.EmployeeService - Inserted new employee, affected rows: 1 New employee ID: 67
2025-08-05 17:17:13 [http-nio-8080-exec-2] INFO  com.kezhang.controller.EmployeeController - Employee inserted successfully.
2025-08-05 17:17:15 [http-nio-8080-exec-3] INFO  com.kezhang.controller.EmployeeController - Request received ...
2025-08-05 17:17:15 [http-nio-8080-exec-3] INFO  com.kezhang.service.EmployeeService - Fetching all employees from the database.
2025-08-05 17:19:14 [http-nio-8080-exec-6] INFO  com.kezhang.controller.EmployeeController - Request received to update employee: EmployeeInsertDTO(username=TestUsername222, name=TestName222, gender=1, phone=2222222222, jobTitle=null, departmentId=null, salary=null, image=null, entryDate=null)
2025-08-05 17:19:14 [http-nio-8080-exec-6] INFO  com.kezhang.service.EmployeeService - Updating employee: EmployeeInsertDTO(username=TestUsername222, name=TestName222, gender=1, phone=2222222222, jobTitle=null, departmentId=null, salary=null, image=null, entryDate=null)
2025-08-05 17:19:14 [http-nio-8080-exec-6] INFO  com.kezhang.service.EmployeeService - Updated employee: Employee(id=null, username=TestUsername222, password=null, name=TestName222, gender=1, phone=2222222222, jobTitle=null, departmentId=null, salary=null, image=null, entryDate=null, createTime=null, updateTime=2025-08-05T17:19:14.371975)
2025-08-05 17:19:14 [http-nio-8080-exec-6] INFO  com.kezhang.controller.EmployeeController - Employee updated successfully.
2025-08-05 17:19:37 [http-nio-8080-exec-7] INFO  com.kezhang.controller.EmployeeController - Request received ...
2025-08-05 17:19:37 [http-nio-8080-exec-7] INFO  com.kezhang.service.EmployeeService - Fetching all employees from the database.
2025-08-05 17:19:55 [http-nio-8080-exec-8] INFO  com.kezhang.controller.EmployeeController - Request received to update employee: EmployeeInsertDTO(username=TestUsername222, name=TestName222, gender=1, phone=2222222222, jobTitle=null, departmentId=null, salary=null, image=null, entryDate=null)
2025-08-05 17:19:55 [http-nio-8080-exec-8] INFO  com.kezhang.service.EmployeeService - Updating employee: EmployeeInsertDTO(username=TestUsername222, name=TestName222, gender=1, phone=2222222222, jobTitle=null, departmentId=null, salary=null, image=null, entryDate=null)
2025-08-05 17:19:55 [http-nio-8080-exec-8] INFO  com.kezhang.service.EmployeeService - Updated employee: Employee(id=null, username=TestUsername222, password=null, name=TestName222, gender=1, phone=2222222222, jobTitle=null, departmentId=null, salary=null, image=null, entryDate=null, createTime=null, updateTime=2025-08-05T17:19:55.128984)
2025-08-05 17:19:55 [http-nio-8080-exec-8] INFO  com.kezhang.controller.EmployeeController - Employee updated successfully.
2025-08-05 17:22:22 [SpringApplicationShutdownHook] INFO  o.s.boot.web.embedded.tomcat.GracefulShutdown - Commencing graceful shutdown. Waiting for active requests to complete
2025-08-05 17:22:24 [tomcat-shutdown] INFO  o.s.boot.web.embedded.tomcat.GracefulShutdown - Graceful shutdown complete
2025-08-05 17:22:24 [SpringApplicationShutdownHook] INFO  com.zaxxer.hikari.HikariDataSource - HikariPool-1 - Shutdown initiated...
2025-08-05 17:22:24 [SpringApplicationShutdownHook] INFO  com.zaxxer.hikari.HikariDataSource - HikariPool-1 - Shutdown completed.
2025-08-05 17:22:40 [main] INFO  com.kezhang.E1DbMyBatisPlusCrudApplication - Starting E1DbMyBatisPlusCrudApplication using Java 21.0.7 with PID 6717 (/Users/zhangke/Documents/Programming/JavaWeb-Learning/E1-DB-MyBatisPlus-CRUD/target/classes started by zhangke in /Users/zhangke/Documents/Programming/JavaWeb-Learning)
2025-08-05 17:22:40 [main] INFO  com.kezhang.E1DbMyBatisPlusCrudApplication - No active profile set, falling back to 1 default profile: "default"
2025-08-05 17:22:40 [main] INFO  o.s.boot.web.embedded.tomcat.TomcatWebServer - Tomcat initialized with port 8080 (http)
2025-08-05 17:22:40 [main] INFO  org.apache.coyote.http11.Http11NioProtocol - Initializing ProtocolHandler ["http-nio-8080"]
2025-08-05 17:22:40 [main] INFO  org.apache.catalina.core.StandardService - Starting service [Tomcat]
2025-08-05 17:22:40 [main] INFO  org.apache.catalina.core.StandardEngine - Starting Servlet engine: [Apache Tomcat/10.1.43]
2025-08-05 17:22:40 [main] INFO  o.a.c.core.ContainerBase.[Tomcat].[localhost].[/] - Initializing Spring embedded WebApplicationContext
2025-08-05 17:22:40 [main] INFO  o.s.b.w.s.c.ServletWebServerApplicationContext - Root WebApplicationContext: initialization completed in 272 ms
2025-08-05 17:22:40 [main] INFO  c.b.m.e.spring.MybatisPlusApplicationContextAware - Register ApplicationContext instances org.springframework.boot.web.servlet.context.AnnotationConfigServletWebServerApplicationContext@44a2b17b
2025-08-05 17:22:40 [main] INFO  org.apache.coyote.http11.Http11NioProtocol - Starting ProtocolHandler ["http-nio-8080"]
2025-08-05 17:22:40 [main] INFO  o.s.boot.web.embedded.tomcat.TomcatWebServer - Tomcat started on port 8080 (http) with context path '/'
2025-08-05 17:22:40 [main] INFO  com.kezhang.E1DbMyBatisPlusCrudApplication - Started E1DbMyBatisPlusCrudApplication in 0.685 seconds (process running for 0.9)
2025-08-05 17:25:16 [http-nio-8080-exec-2] INFO  o.a.c.core.ContainerBase.[Tomcat].[localhost].[/] - Initializing Spring DispatcherServlet 'dispatcherServlet'
2025-08-05 17:25:16 [http-nio-8080-exec-2] INFO  org.springframework.web.servlet.DispatcherServlet - Initializing Servlet 'dispatcherServlet'
2025-08-05 17:25:16 [http-nio-8080-exec-2] INFO  org.springframework.web.servlet.DispatcherServlet - Completed initialization in 1 ms
2025-08-05 17:25:16 [http-nio-8080-exec-2] INFO  com.kezhang.controller.EmployeeController - Request received to update employee: EmployeeInsertDTO(username=TestUsername222, name=TestName222, gender=1, phone=2222222222, jobTitle=null, departmentId=null, salary=null, image=null, entryDate=null)
2025-08-05 17:25:16 [http-nio-8080-exec-2] INFO  com.kezhang.service.EmployeeService - Updating employee: EmployeeInsertDTO(username=TestUsername222, name=TestName222, gender=1, phone=2222222222, jobTitle=null, departmentId=null, salary=null, image=null, entryDate=null)
2025-08-05 17:25:16 [http-nio-8080-exec-2] INFO  com.zaxxer.hikari.HikariDataSource - HikariPool-1 - Starting...
2025-08-05 17:25:16 [http-nio-8080-exec-2] INFO  com.zaxxer.hikari.pool.HikariPool - HikariPool-1 - Added connection com.mysql.cj.jdbc.ConnectionImpl@1fdedd9f
2025-08-05 17:25:16 [http-nio-8080-exec-2] INFO  com.zaxxer.hikari.HikariDataSource - HikariPool-1 - Start completed.
2025-08-05 17:25:16 [http-nio-8080-exec-2] INFO  com.kezhang.service.EmployeeService - Updated employee: Employee(id=null, username=TestUsername222, password=null, name=TestName222, gender=1, phone=2222222222, jobTitle=null, departmentId=null, salary=null, image=null, entryDate=null, createTime=null, updateTime=2025-08-05T17:25:16.514538)
2025-08-05 17:25:16 [http-nio-8080-exec-2] INFO  com.kezhang.controller.EmployeeController - Employee updated successfully.
2025-08-05 17:25:28 [SpringApplicationShutdownHook] INFO  o.s.boot.web.embedded.tomcat.GracefulShutdown - Commencing graceful shutdown. Waiting for active requests to complete
2025-08-05 17:25:30 [tomcat-shutdown] INFO  o.s.boot.web.embedded.tomcat.GracefulShutdown - Graceful shutdown complete
2025-08-05 17:25:30 [SpringApplicationShutdownHook] INFO  com.zaxxer.hikari.HikariDataSource - HikariPool-1 - Shutdown initiated...
2025-08-05 17:25:30 [SpringApplicationShutdownHook] INFO  com.zaxxer.hikari.HikariDataSource - HikariPool-1 - Shutdown completed.
2025-08-05 17:25:31 [main] INFO  com.kezhang.E1DbMyBatisPlusCrudApplication - Starting E1DbMyBatisPlusCrudApplication using Java 21.0.7 with PID 6729 (/Users/zhangke/Documents/Programming/JavaWeb-Learning/E1-DB-MyBatisPlus-CRUD/target/classes started by zhangke in /Users/zhangke/Documents/Programming/JavaWeb-Learning)
2025-08-05 17:25:31 [main] INFO  com.kezhang.E1DbMyBatisPlusCrudApplication - No active profile set, falling back to 1 default profile: "default"
2025-08-05 17:25:32 [main] INFO  o.s.boot.web.embedded.tomcat.TomcatWebServer - Tomcat initialized with port 8080 (http)
2025-08-05 17:25:32 [main] INFO  org.apache.coyote.http11.Http11NioProtocol - Initializing ProtocolHandler ["http-nio-8080"]
2025-08-05 17:25:32 [main] INFO  org.apache.catalina.core.StandardService - Starting service [Tomcat]
2025-08-05 17:25:32 [main] INFO  org.apache.catalina.core.StandardEngine - Starting Servlet engine: [Apache Tomcat/10.1.43]
2025-08-05 17:25:32 [main] INFO  o.a.c.core.ContainerBase.[Tomcat].[localhost].[/] - Initializing Spring embedded WebApplicationContext
2025-08-05 17:25:32 [main] INFO  o.s.b.w.s.c.ServletWebServerApplicationContext - Root WebApplicationContext: initialization completed in 362 ms
2025-08-05 17:25:32 [main] INFO  c.b.m.e.spring.MybatisPlusApplicationContextAware - Register ApplicationContext instances org.springframework.boot.web.servlet.context.AnnotationConfigServletWebServerApplicationContext@459f7aa3
2025-08-05 17:25:32 [main] INFO  org.apache.coyote.http11.Http11NioProtocol - Starting ProtocolHandler ["http-nio-8080"]
2025-08-05 17:25:32 [main] INFO  o.s.boot.web.embedded.tomcat.TomcatWebServer - Tomcat started on port 8080 (http) with context path '/'
2025-08-05 17:25:32 [main] INFO  com.kezhang.E1DbMyBatisPlusCrudApplication - Started E1DbMyBatisPlusCrudApplication in 0.841 seconds (process running for 1.049)
2025-08-05 17:25:36 [http-nio-8080-exec-1] INFO  o.a.c.core.ContainerBase.[Tomcat].[localhost].[/] - Initializing Spring DispatcherServlet 'dispatcherServlet'
2025-08-05 17:25:36 [http-nio-8080-exec-1] INFO  org.springframework.web.servlet.DispatcherServlet - Initializing Servlet 'dispatcherServlet'
2025-08-05 17:25:36 [http-nio-8080-exec-1] INFO  org.springframework.web.servlet.DispatcherServlet - Completed initialization in 0 ms
2025-08-05 17:25:36 [http-nio-8080-exec-1] INFO  com.kezhang.controller.EmployeeController - Request received to update employee: EmployeeInsertDTO(username=TestUsername222, name=TestName222, gender=1, phone=2222222222, jobTitle=null, departmentId=null, salary=null, image=null, entryDate=null)
2025-08-05 17:25:36 [http-nio-8080-exec-1] INFO  com.kezhang.service.EmployeeService - Updating employee: EmployeeInsertDTO(username=TestUsername222, name=TestName222, gender=1, phone=2222222222, jobTitle=null, departmentId=null, salary=null, image=null, entryDate=null)
2025-08-05 17:25:36 [http-nio-8080-exec-1] INFO  com.zaxxer.hikari.HikariDataSource - HikariPool-1 - Starting...
2025-08-05 17:25:36 [http-nio-8080-exec-1] INFO  com.zaxxer.hikari.pool.HikariPool - HikariPool-1 - Added connection com.mysql.cj.jdbc.ConnectionImpl@2197b186
2025-08-05 17:25:36 [http-nio-8080-exec-1] INFO  com.zaxxer.hikari.HikariDataSource - HikariPool-1 - Start completed.
2025-08-05 17:25:36 [http-nio-8080-exec-1] INFO  com.kezhang.service.EmployeeService - Updated employee: Employee(id=null, username=TestUsername222, password=null, name=TestName222, gender=1, phone=2222222222, jobTitle=null, departmentId=null, salary=null, image=null, entryDate=null, createTime=null, updateTime=2025-08-05T17:25:36.766827)
2025-08-05 17:25:36 [http-nio-8080-exec-1] INFO  com.kezhang.controller.EmployeeController - Employee updated successfully.
2025-08-05 17:32:33 [SpringApplicationShutdownHook] INFO  o.s.boot.web.embedded.tomcat.GracefulShutdown - Commencing graceful shutdown. Waiting for active requests to complete
2025-08-05 17:32:35 [tomcat-shutdown] INFO  o.s.boot.web.embedded.tomcat.GracefulShutdown - Graceful shutdown complete
2025-08-05 17:32:35 [SpringApplicationShutdownHook] INFO  com.zaxxer.hikari.HikariDataSource - HikariPool-1 - Shutdown initiated...
2025-08-05 17:32:35 [SpringApplicationShutdownHook] INFO  com.zaxxer.hikari.HikariDataSource - HikariPool-1 - Shutdown completed.
2025-08-05 17:32:37 [main] INFO  com.kezhang.E1DbMyBatisPlusCrudApplication - Starting E1DbMyBatisPlusCrudApplication using Java 21.0.7 with PID 6771 (/Users/zhangke/Documents/Programming/JavaWeb-Learning/E1-DB-MyBatisPlus-CRUD/target/classes started by zhangke in /Users/zhangke/Documents/Programming/JavaWeb-Learning)
2025-08-05 17:32:37 [main] INFO  com.kezhang.E1DbMyBatisPlusCrudApplication - No active profile set, falling back to 1 default profile: "default"
2025-08-05 17:32:37 [main] INFO  o.s.boot.web.embedded.tomcat.TomcatWebServer - Tomcat initialized with port 8080 (http)
2025-08-05 17:32:37 [main] INFO  org.apache.coyote.http11.Http11NioProtocol - Initializing ProtocolHandler ["http-nio-8080"]
2025-08-05 17:32:37 [main] INFO  org.apache.catalina.core.StandardService - Starting service [Tomcat]
2025-08-05 17:32:37 [main] INFO  org.apache.catalina.core.StandardEngine - Starting Servlet engine: [Apache Tomcat/10.1.43]
2025-08-05 17:32:37 [main] INFO  o.a.c.core.ContainerBase.[Tomcat].[localhost].[/] - Initializing Spring embedded WebApplicationContext
2025-08-05 17:32:37 [main] INFO  o.s.b.w.s.c.ServletWebServerApplicationContext - Root WebApplicationContext: initialization completed in 277 ms
2025-08-05 17:32:37 [main] INFO  c.b.m.e.spring.MybatisPlusApplicationContextAware - Register ApplicationContext instances org.springframework.boot.web.servlet.context.AnnotationConfigServletWebServerApplicationContext@4efcf8a
2025-08-05 17:32:37 [main] INFO  org.apache.coyote.http11.Http11NioProtocol - Starting ProtocolHandler ["http-nio-8080"]
2025-08-05 17:32:37 [main] INFO  o.s.boot.web.embedded.tomcat.TomcatWebServer - Tomcat started on port 8080 (http) with context path '/'
2025-08-05 17:32:37 [main] INFO  com.kezhang.E1DbMyBatisPlusCrudApplication - Started E1DbMyBatisPlusCrudApplication in 0.686 seconds (process running for 0.897)
2025-08-05 17:32:43 [http-nio-8080-exec-2] INFO  o.a.c.core.ContainerBase.[Tomcat].[localhost].[/] - Initializing Spring DispatcherServlet 'dispatcherServlet'
2025-08-05 17:32:43 [http-nio-8080-exec-2] INFO  org.springframework.web.servlet.DispatcherServlet - Initializing Servlet 'dispatcherServlet'
2025-08-05 17:32:43 [http-nio-8080-exec-2] INFO  org.springframework.web.servlet.DispatcherServlet - Completed initialization in 1 ms
2025-08-05 17:32:43 [http-nio-8080-exec-2] INFO  com.kezhang.controller.EmployeeController - Request received to update employee: EmployeeInsertDTO(username=TestUsername222, name=TestName222, gender=1, phone=2222222222, jobTitle=null, departmentId=null, salary=null, image=null, entryDate=null)
2025-08-05 17:32:43 [http-nio-8080-exec-2] INFO  com.kezhang.service.EmployeeService - Updating employee: EmployeeInsertDTO(username=TestUsername222, name=TestName222, gender=1, phone=2222222222, jobTitle=null, departmentId=null, salary=null, image=null, entryDate=null)
2025-08-05 17:32:43 [http-nio-8080-exec-2] INFO  com.zaxxer.hikari.HikariDataSource - HikariPool-1 - Starting...
2025-08-05 17:32:43 [http-nio-8080-exec-2] INFO  com.zaxxer.hikari.pool.HikariPool - HikariPool-1 - Added connection com.mysql.cj.jdbc.ConnectionImpl@535d67e2
2025-08-05 17:32:43 [http-nio-8080-exec-2] INFO  com.zaxxer.hikari.HikariDataSource - HikariPool-1 - Start completed.
2025-08-05 17:32:43 [http-nio-8080-exec-2] INFO  com.kezhang.service.EmployeeService - Updated employee: Employee(id=null, username=TestUsername222, password=null, name=TestName222, gender=1, phone=2222222222, jobTitle=null, departmentId=null, salary=null, image=null, entryDate=null, createTime=null, updateTime=2025-08-05T17:32:43.237289)
2025-08-05 17:32:43 [http-nio-8080-exec-2] INFO  com.kezhang.controller.EmployeeController - Employee updated successfully.
2025-08-05 17:34:17 [SpringApplicationShutdownHook] INFO  o.s.boot.web.embedded.tomcat.GracefulShutdown - Commencing graceful shutdown. Waiting for active requests to complete
2025-08-05 17:34:19 [tomcat-shutdown] INFO  o.s.boot.web.embedded.tomcat.GracefulShutdown - Graceful shutdown complete
2025-08-05 17:34:19 [SpringApplicationShutdownHook] INFO  com.zaxxer.hikari.HikariDataSource - HikariPool-1 - Shutdown initiated...
2025-08-05 17:34:19 [SpringApplicationShutdownHook] INFO  com.zaxxer.hikari.HikariDataSource - HikariPool-1 - Shutdown completed.
2025-08-05 17:34:45 [main] INFO  com.kezhang.E1DbMyBatisPlusCrudApplication - Starting E1DbMyBatisPlusCrudApplication using Java 21.0.7 with PID 6801 (/Users/zhangke/Documents/Programming/JavaWeb-Learning/E1-DB-MyBatisPlus-CRUD/target/classes started by zhangke in /Users/zhangke/Documents/Programming/JavaWeb-Learning)
2025-08-05 17:34:45 [main] INFO  com.kezhang.E1DbMyBatisPlusCrudApplication - No active profile set, falling back to 1 default profile: "default"
2025-08-05 17:34:45 [main] INFO  o.s.boot.web.embedded.tomcat.TomcatWebServer - Tomcat initialized with port 8080 (http)
2025-08-05 17:34:45 [main] INFO  org.apache.coyote.http11.Http11NioProtocol - Initializing ProtocolHandler ["http-nio-8080"]
2025-08-05 17:34:45 [main] INFO  org.apache.catalina.core.StandardService - Starting service [Tomcat]
2025-08-05 17:34:45 [main] INFO  org.apache.catalina.core.StandardEngine - Starting Servlet engine: [Apache Tomcat/10.1.43]
2025-08-05 17:34:45 [main] INFO  o.a.c.core.ContainerBase.[Tomcat].[localhost].[/] - Initializing Spring embedded WebApplicationContext
2025-08-05 17:34:45 [main] INFO  o.s.b.w.s.c.ServletWebServerApplicationContext - Root WebApplicationContext: initialization completed in 277 ms
2025-08-05 17:34:46 [main] INFO  c.b.m.e.spring.MybatisPlusApplicationContextAware - Register ApplicationContext instances org.springframework.boot.web.servlet.context.AnnotationConfigServletWebServerApplicationContext@16423501
2025-08-05 17:34:46 [main] INFO  org.apache.coyote.http11.Http11NioProtocol - Starting ProtocolHandler ["http-nio-8080"]
2025-08-05 17:34:46 [main] INFO  o.s.boot.web.embedded.tomcat.TomcatWebServer - Tomcat started on port 8080 (http) with context path '/'
2025-08-05 17:34:46 [main] INFO  com.kezhang.E1DbMyBatisPlusCrudApplication - Started E1DbMyBatisPlusCrudApplication in 0.689 seconds (process running for 0.893)
2025-08-05 17:34:51 [http-nio-8080-exec-2] INFO  o.a.c.core.ContainerBase.[Tomcat].[localhost].[/] - Initializing Spring DispatcherServlet 'dispatcherServlet'
2025-08-05 17:34:51 [http-nio-8080-exec-2] INFO  org.springframework.web.servlet.DispatcherServlet - Initializing Servlet 'dispatcherServlet'
2025-08-05 17:34:51 [http-nio-8080-exec-2] INFO  org.springframework.web.servlet.DispatcherServlet - Completed initialization in 1 ms
2025-08-05 17:34:51 [http-nio-8080-exec-2] INFO  com.kezhang.controller.EmployeeController - Request received to update employee: EmployeeUpdateDTO(id=67, username=TestUsername222, name=TestName222, gender=1, phone=2222222222, jobTitle=null, departmentId=null, salary=null, image=null, entryDate=null)
2025-08-05 17:34:51 [http-nio-8080-exec-2] INFO  com.kezhang.service.EmployeeService - Updating employee: EmployeeUpdateDTO(id=67, username=TestUsername222, name=TestName222, gender=1, phone=2222222222, jobTitle=null, departmentId=null, salary=null, image=null, entryDate=null)
2025-08-05 17:34:51 [http-nio-8080-exec-2] INFO  com.zaxxer.hikari.HikariDataSource - HikariPool-1 - Starting...
2025-08-05 17:34:51 [http-nio-8080-exec-2] INFO  com.zaxxer.hikari.pool.HikariPool - HikariPool-1 - Added connection com.mysql.cj.jdbc.ConnectionImpl@d759248
2025-08-05 17:34:51 [http-nio-8080-exec-2] INFO  com.zaxxer.hikari.HikariDataSource - HikariPool-1 - Start completed.
2025-08-05 17:34:51 [http-nio-8080-exec-2] INFO  com.kezhang.service.EmployeeService - Updated employee: Employee(id=null, username=TestUsername222, password=null, name=TestName222, gender=1, phone=2222222222, jobTitle=null, departmentId=null, salary=null, image=null, entryDate=null, createTime=null, updateTime=2025-08-05T17:34:51.489614)
2025-08-05 17:34:51 [http-nio-8080-exec-2] INFO  com.kezhang.controller.EmployeeController - Employee updated successfully.
2025-08-05 17:36:16 [SpringApplicationShutdownHook] INFO  o.s.boot.web.embedded.tomcat.GracefulShutdown - Commencing graceful shutdown. Waiting for active requests to complete
2025-08-05 17:36:18 [tomcat-shutdown] INFO  o.s.boot.web.embedded.tomcat.GracefulShutdown - Graceful shutdown complete
2025-08-05 17:36:18 [SpringApplicationShutdownHook] INFO  com.zaxxer.hikari.HikariDataSource - HikariPool-1 - Shutdown initiated...
2025-08-05 17:36:18 [SpringApplicationShutdownHook] INFO  com.zaxxer.hikari.HikariDataSource - HikariPool-1 - Shutdown completed.
2025-08-05 17:36:20 [main] INFO  com.kezhang.E1DbMyBatisPlusCrudApplication - Starting E1DbMyBatisPlusCrudApplication using Java 21.0.7 with PID 6821 (/Users/zhangke/Documents/Programming/JavaWeb-Learning/E1-DB-MyBatisPlus-CRUD/target/classes started by zhangke in /Users/zhangke/Documents/Programming/JavaWeb-Learning)
2025-08-05 17:36:20 [main] INFO  com.kezhang.E1DbMyBatisPlusCrudApplication - No active profile set, falling back to 1 default profile: "default"
2025-08-05 17:36:20 [main] INFO  o.s.boot.web.embedded.tomcat.TomcatWebServer - Tomcat initialized with port 8080 (http)
2025-08-05 17:36:20 [main] INFO  org.apache.coyote.http11.Http11NioProtocol - Initializing ProtocolHandler ["http-nio-8080"]
2025-08-05 17:36:20 [main] INFO  org.apache.catalina.core.StandardService - Starting service [Tomcat]
2025-08-05 17:36:20 [main] INFO  org.apache.catalina.core.StandardEngine - Starting Servlet engine: [Apache Tomcat/10.1.43]
2025-08-05 17:36:20 [main] INFO  o.a.c.core.ContainerBase.[Tomcat].[localhost].[/] - Initializing Spring embedded WebApplicationContext
2025-08-05 17:36:20 [main] INFO  o.s.b.w.s.c.ServletWebServerApplicationContext - Root WebApplicationContext: initialization completed in 272 ms
2025-08-05 17:36:20 [main] INFO  c.b.m.e.spring.MybatisPlusApplicationContextAware - Register ApplicationContext instances org.springframework.boot.web.servlet.context.AnnotationConfigServletWebServerApplicationContext@4a9e6faf
2025-08-05 17:36:20 [main] INFO  org.apache.coyote.http11.Http11NioProtocol - Starting ProtocolHandler ["http-nio-8080"]
2025-08-05 17:36:20 [main] INFO  o.s.boot.web.embedded.tomcat.TomcatWebServer - Tomcat started on port 8080 (http) with context path '/'
2025-08-05 17:36:20 [main] INFO  com.kezhang.E1DbMyBatisPlusCrudApplication - Started E1DbMyBatisPlusCrudApplication in 0.695 seconds (process running for 0.911)
2025-08-05 17:36:25 [http-nio-8080-exec-1] INFO  o.a.c.core.ContainerBase.[Tomcat].[localhost].[/] - Initializing Spring DispatcherServlet 'dispatcherServlet'
2025-08-05 17:36:25 [http-nio-8080-exec-1] INFO  org.springframework.web.servlet.DispatcherServlet - Initializing Servlet 'dispatcherServlet'
2025-08-05 17:36:25 [http-nio-8080-exec-1] INFO  org.springframework.web.servlet.DispatcherServlet - Completed initialization in 0 ms
2025-08-05 17:36:25 [http-nio-8080-exec-1] INFO  com.kezhang.controller.EmployeeController - Request received to update employee: EmployeeUpdateDTO(id=67, username=TestUsername222, name=TestName222, gender=1, phone=2222222222, jobTitle=null, departmentId=null, salary=null, image=null, entryDate=null)
2025-08-05 17:36:25 [http-nio-8080-exec-1] INFO  com.kezhang.service.EmployeeService - Updating employee: EmployeeUpdateDTO(id=67, username=TestUsername222, name=TestName222, gender=1, phone=2222222222, jobTitle=null, departmentId=null, salary=null, image=null, entryDate=null)
2025-08-05 17:36:25 [http-nio-8080-exec-1] INFO  com.zaxxer.hikari.HikariDataSource - HikariPool-1 - Starting...
2025-08-05 17:36:25 [http-nio-8080-exec-1] INFO  com.zaxxer.hikari.pool.HikariPool - HikariPool-1 - Added connection com.mysql.cj.jdbc.ConnectionImpl@4397a9ff
2025-08-05 17:36:25 [http-nio-8080-exec-1] INFO  com.zaxxer.hikari.HikariDataSource - HikariPool-1 - Start completed.
2025-08-05 17:36:25 [http-nio-8080-exec-1] INFO  com.kezhang.service.EmployeeService - Updated employee: Employee(id=67, username=TestUsername222, password=null, name=TestName222, gender=1, phone=2222222222, jobTitle=null, departmentId=null, salary=null, image=null, entryDate=null, createTime=null, updateTime=2025-08-05T17:36:25.610819)
2025-08-05 17:36:25 [http-nio-8080-exec-1] INFO  com.kezhang.controller.EmployeeController - Employee updated successfully.
2025-08-05 17:36:33 [http-nio-8080-exec-2] INFO  com.kezhang.controller.EmployeeController - Request received ...
2025-08-05 17:36:33 [http-nio-8080-exec-2] INFO  com.kezhang.service.EmployeeService - Fetching all employees from the database.
2025-08-05 18:12:22 [HikariPool-1 housekeeper] WARN  com.zaxxer.hikari.pool.HikariPool - HikariPool-1 - Thread starvation or clock leap detected (housekeeper delta=17m26s152ms).
2025-08-05 18:57:45 [SpringApplicationShutdownHook] INFO  o.s.boot.web.embedded.tomcat.GracefulShutdown - Commencing graceful shutdown. Waiting for active requests to complete
2025-08-05 18:57:47 [tomcat-shutdown] INFO  o.s.boot.web.embedded.tomcat.GracefulShutdown - Graceful shutdown complete
2025-08-05 18:57:47 [SpringApplicationShutdownHook] INFO  com.zaxxer.hikari.HikariDataSource - HikariPool-1 - Shutdown initiated...
2025-08-05 18:57:47 [SpringApplicationShutdownHook] INFO  com.zaxxer.hikari.HikariDataSource - HikariPool-1 - Shutdown completed.
2025-08-05 18:57:48 [main] INFO  com.kezhang.E1DbMyBatisPlusCrudApplication - Starting E1DbMyBatisPlusCrudApplication using Java 21.0.7 with PID 7190 (/Users/zhangke/Documents/Programming/JavaWeb-Learning/E1-DB-MyBatisPlus-CRUD/target/classes started by zhangke in /Users/zhangke/Documents/Programming/JavaWeb-Learning)
2025-08-05 18:57:48 [main] INFO  com.kezhang.E1DbMyBatisPlusCrudApplication - No active profile set, falling back to 1 default profile: "default"
2025-08-05 18:57:49 [main] INFO  o.s.boot.web.embedded.tomcat.TomcatWebServer - Tomcat initialized with port 8080 (http)
2025-08-05 18:57:49 [main] INFO  org.apache.coyote.http11.Http11NioProtocol - Initializing ProtocolHandler ["http-nio-8080"]
2025-08-05 18:57:49 [main] INFO  org.apache.catalina.core.StandardService - Starting service [Tomcat]
2025-08-05 18:57:49 [main] INFO  org.apache.catalina.core.StandardEngine - Starting Servlet engine: [Apache Tomcat/10.1.43]
2025-08-05 18:57:49 [main] INFO  o.a.c.core.ContainerBase.[Tomcat].[localhost].[/] - Initializing Spring embedded WebApplicationContext
2025-08-05 18:57:49 [main] INFO  o.s.b.w.s.c.ServletWebServerApplicationContext - Root WebApplicationContext: initialization completed in 301 ms
2025-08-05 18:57:49 [main] INFO  c.b.m.e.spring.MybatisPlusApplicationContextAware - Register ApplicationContext instances org.springframework.boot.web.servlet.context.AnnotationConfigServletWebServerApplicationContext@459f7aa3
2025-08-05 18:57:49 [main] INFO  org.apache.coyote.http11.Http11NioProtocol - Starting ProtocolHandler ["http-nio-8080"]
2025-08-05 18:57:49 [main] INFO  o.s.boot.web.embedded.tomcat.TomcatWebServer - Tomcat started on port 8080 (http) with context path '/'
2025-08-05 18:57:49 [main] INFO  com.kezhang.E1DbMyBatisPlusCrudApplication - Started E1DbMyBatisPlusCrudApplication in 0.795 seconds (process running for 1.07)
2025-08-05 18:57:54 [http-nio-8080-exec-1] INFO  o.a.c.core.ContainerBase.[Tomcat].[localhost].[/] - Initializing Spring DispatcherServlet 'dispatcherServlet'
2025-08-05 18:57:54 [http-nio-8080-exec-1] INFO  org.springframework.web.servlet.DispatcherServlet - Initializing Servlet 'dispatcherServlet'
2025-08-05 18:57:54 [http-nio-8080-exec-1] INFO  org.springframework.web.servlet.DispatcherServlet - Completed initialization in 0 ms
2025-08-05 18:57:54 [http-nio-8080-exec-1] INFO  com.kezhang.controller.EmployeeController - Request received to search employee by ID: 50
2025-08-05 18:57:54 [http-nio-8080-exec-1] INFO  com.kezhang.service.EmployeeService - Searching employee by ID: 50
2025-08-05 18:57:54 [http-nio-8080-exec-1] INFO  com.zaxxer.hikari.HikariDataSource - HikariPool-1 - Starting...
2025-08-05 18:57:54 [http-nio-8080-exec-1] INFO  com.zaxxer.hikari.pool.HikariPool - HikariPool-1 - Added connection com.mysql.cj.jdbc.ConnectionImpl@13fae887
2025-08-05 18:57:54 [http-nio-8080-exec-1] INFO  com.zaxxer.hikari.HikariDataSource - HikariPool-1 - Start completed.
2025-08-05 18:57:54 [http-nio-8080-exec-1] INFO  com.kezhang.service.EmployeeService - Found employee: null
2025-08-05 18:57:54 [http-nio-8080-exec-1] INFO  com.kezhang.controller.EmployeeController - Employee with ID: 50 found. Details: null
2025-08-05 18:58:08 [http-nio-8080-exec-3] INFO  com.kezhang.controller.EmployeeController - Request received to search employee by ID: 50
2025-08-05 18:58:08 [http-nio-8080-exec-3] INFO  com.kezhang.service.EmployeeService - Searching employee by ID: 50
2025-08-05 18:58:08 [http-nio-8080-exec-3] INFO  com.kezhang.service.EmployeeService - Found employee: null
2025-08-05 18:58:08 [http-nio-8080-exec-3] INFO  com.kezhang.controller.EmployeeController - Employee with ID: 50 found. Details: null
2025-08-05 18:58:32 [http-nio-8080-exec-4] INFO  com.kezhang.controller.EmployeeController - Request received to search employee by ID: 30
2025-08-05 18:58:32 [http-nio-8080-exec-4] INFO  com.kezhang.service.EmployeeService - Searching employee by ID: 30
2025-08-05 18:58:32 [http-nio-8080-exec-4] INFO  com.kezhang.service.EmployeeService - Found employee: Employee(id=30, username=HelenMitchell, password=123456, name=Helen Mitchell, gender=0, phone=3393524985, jobTitle=4, departmentId=6, salary=55065.80, image=https://i.pravatar.cc/250?u=HelenMitchell, entryDate=2020-05-19, createTime=2025-06-13T15:47:34, updateTime=2025-06-17T17:38:44)
2025-08-05 18:58:32 [http-nio-8080-exec-4] INFO  com.kezhang.controller.EmployeeController - Employee with ID: 30 found. Details: Employee(id=30, username=HelenMitchell, password=123456, name=Helen Mitchell, gender=0, phone=3393524985, jobTitle=4, departmentId=6, salary=55065.80, image=https://i.pravatar.cc/250?u=HelenMitchell, entryDate=2020-05-19, createTime=2025-06-13T15:47:34, updateTime=2025-06-17T17:38:44)
2025-08-05 19:04:23 [SpringApplicationShutdownHook] INFO  o.s.boot.web.embedded.tomcat.GracefulShutdown - Commencing graceful shutdown. Waiting for active requests to complete
2025-08-05 19:04:25 [tomcat-shutdown] INFO  o.s.boot.web.embedded.tomcat.GracefulShutdown - Graceful shutdown complete
2025-08-05 19:04:25 [SpringApplicationShutdownHook] INFO  com.zaxxer.hikari.HikariDataSource - HikariPool-1 - Shutdown initiated...
2025-08-05 19:04:25 [SpringApplicationShutdownHook] INFO  com.zaxxer.hikari.HikariDataSource - HikariPool-1 - Shutdown completed.
2025-08-05 19:04:27 [main] INFO  com.kezhang.E1DbMyBatisPlusCrudApplication - Starting E1DbMyBatisPlusCrudApplication using Java 21.0.7 with PID 7281 (/Users/zhangke/Documents/Programming/JavaWeb-Learning/E1-DB-MyBatisPlus-CRUD/target/classes started by zhangke in /Users/zhangke/Documents/Programming/JavaWeb-Learning)
2025-08-05 19:04:27 [main] INFO  com.kezhang.E1DbMyBatisPlusCrudApplication - No active profile set, falling back to 1 default profile: "default"
2025-08-05 19:04:27 [main] INFO  o.s.boot.web.embedded.tomcat.TomcatWebServer - Tomcat initialized with port 8080 (http)
2025-08-05 19:04:27 [main] INFO  org.apache.coyote.http11.Http11NioProtocol - Initializing ProtocolHandler ["http-nio-8080"]
2025-08-05 19:04:27 [main] INFO  org.apache.catalina.core.StandardService - Starting service [Tomcat]
2025-08-05 19:04:27 [main] INFO  org.apache.catalina.core.StandardEngine - Starting Servlet engine: [Apache Tomcat/10.1.43]
2025-08-05 19:04:27 [main] INFO  o.a.c.core.ContainerBase.[Tomcat].[localhost].[/] - Initializing Spring embedded WebApplicationContext
2025-08-05 19:04:27 [main] INFO  o.s.b.w.s.c.ServletWebServerApplicationContext - Root WebApplicationContext: initialization completed in 288 ms
2025-08-05 19:04:28 [main] INFO  c.b.m.e.spring.MybatisPlusApplicationContextAware - Register ApplicationContext instances org.springframework.boot.web.servlet.context.AnnotationConfigServletWebServerApplicationContext@307765b4
2025-08-05 19:04:28 [main] INFO  org.apache.coyote.http11.Http11NioProtocol - Starting ProtocolHandler ["http-nio-8080"]
2025-08-05 19:04:28 [main] INFO  o.s.boot.web.embedded.tomcat.TomcatWebServer - Tomcat started on port 8080 (http) with context path '/'
2025-08-05 19:04:28 [main] INFO  com.kezhang.E1DbMyBatisPlusCrudApplication - Started E1DbMyBatisPlusCrudApplication in 0.693 seconds (process running for 0.974)
2025-08-05 19:04:51 [http-nio-8080-exec-1] INFO  o.a.c.core.ContainerBase.[Tomcat].[localhost].[/] - Initializing Spring DispatcherServlet 'dispatcherServlet'
2025-08-05 19:04:51 [http-nio-8080-exec-1] INFO  org.springframework.web.servlet.DispatcherServlet - Initializing Servlet 'dispatcherServlet'
2025-08-05 19:04:51 [http-nio-8080-exec-1] INFO  org.springframework.web.servlet.DispatcherServlet - Completed initialization in 0 ms
2025-08-05 19:04:51 [http-nio-8080-exec-1] INFO  com.kezhang.controller.EmployeeController - Request received to search employees by IDs : [1, 2, 3]
2025-08-05 19:04:51 [http-nio-8080-exec-1] INFO  com.kezhang.service.EmployeeService - Searching employees by IDs: [1, 2, 3]
2025-08-05 19:04:51 [http-nio-8080-exec-1] INFO  com.zaxxer.hikari.HikariDataSource - HikariPool-1 - Starting...
2025-08-05 19:04:51 [http-nio-8080-exec-1] INFO  com.zaxxer.hikari.pool.HikariPool - HikariPool-1 - Added connection com.mysql.cj.jdbc.ConnectionImpl@69ff7fb
2025-08-05 19:04:51 [http-nio-8080-exec-1] INFO  com.zaxxer.hikari.HikariDataSource - HikariPool-1 - Start completed.
2025-08-05 19:04:51 [http-nio-8080-exec-1] INFO  com.kezhang.service.EmployeeService - Found employees: [Employee(id=1, username=JohnSmith, password=123456, name=John Smith, gender=1, phone=6173520981, jobTitle=3, departmentId=1, salary=65000.00, image=https://i.pravatar.cc/250?u=JohnSmith, entryDate=2020-06-15, createTime=2025-06-13T15:47:34, updateTime=2025-07-27T14:36:03), Employee(id=2, username=SarahJohnson, password=123456, name=Sarah Johnson, gender=0, phone=6173521982, jobTitle=4, departmentId=1, salary=55673.80, image=https://i.pravatar.cc/250?u=SarahJohnson, entryDate=2021-03-22, createTime=2025-06-13T15:47:34, updateTime=2025-06-17T17:38:44), Employee(id=3, username=MichaelBrown, password=123456, name=Michael Brown, gender=1, phone=6173522983, jobTitle=2, departmentId=1, salary=55807.15, image=https://i.pravatar.cc/250?u=MichaelBrown, entryDate=2019-08-10, createTime=2025-06-13T15:47:34, updateTime=2025-06-17T17:38:44)]
2025-08-05 19:04:51 [http-nio-8080-exec-1] INFO  com.kezhang.controller.EmployeeController - Employees with IDs: [1, 2, 3] found. Total records: 3
2025-08-05 19:05:00 [SpringApplicationShutdownHook] INFO  o.s.boot.web.embedded.tomcat.GracefulShutdown - Commencing graceful shutdown. Waiting for active requests to complete
2025-08-05 19:05:02 [tomcat-shutdown] INFO  o.s.boot.web.embedded.tomcat.GracefulShutdown - Graceful shutdown complete
2025-08-05 19:05:02 [SpringApplicationShutdownHook] INFO  com.zaxxer.hikari.HikariDataSource - HikariPool-1 - Shutdown initiated...
2025-08-05 19:05:02 [SpringApplicationShutdownHook] INFO  com.zaxxer.hikari.HikariDataSource - HikariPool-1 - Shutdown completed.
