2025-08-05 14:49:12 [http-nio-8080-exec-2] INFO  com.kezhang.service.EmployeeService - Inserting new employee: EmployeeInsertDTO(username=TestUsername, name=TestName2, gender=1, phone=2222222222, jobTitle=2, departmentId=2, salary=123456.00, image=null, entryDate=2018-05-07)
2025-08-05 14:49:12 [http-nio-8080-exec-2] INFO  com.kezhang.service.EmployeeService - Inserted new employee, affected rows: 1 New employee ID: 63
2025-08-05 15:16:18 [http-nio-8080-exec-2] INFO  com.kezhang.service.EmployeeService - Fetching all employees from the database.
2025-08-05 15:17:02 [http-nio-8080-exec-3] INFO  com.kezhang.service.EmployeeService - Deleting employee with ID: 63
2025-08-05 15:17:02 [http-nio-8080-exec-3] INFO  com.kezhang.service.EmployeeService - Deleted employee with ID: 63, affected rows: 1
2025-08-05 15:17:06 [http-nio-8080-exec-4] INFO  com.kezhang.service.EmployeeService - Fetching all employees from the database.
2025-08-05 15:19:42 [http-nio-8080-exec-6] INFO  com.kezhang.service.EmployeeService - Inserting new employee: EmployeeInsertDTO(username=TestUsername, name=TestName2, gender=1, phone=2222222222, jobTitle=2, departmentId=2, salary=123456.00, image=null, entryDate=2018-05-07)
2025-08-05 15:19:42 [http-nio-8080-exec-6] INFO  com.kezhang.service.EmployeeService - Inserted new employee, affected rows: 1 New employee ID: 64
2025-08-05 15:19:59 [http-nio-8080-exec-8] INFO  com.kezhang.service.EmployeeService - Inserting new employee: EmployeeInsertDTO(username=TestUsername, name=TestName3, gender=1, phone=3333333333, jobTitle=3, departmentId=3, salary=123456.00, image=null, entryDate=2019-05-07)
2025-08-05 15:19:59 [http-nio-8080-exec-8] INFO  com.kezhang.service.EmployeeService - Inserted new employee, affected rows: 1 New employee ID: 65
2025-08-05 15:20:13 [http-nio-8080-exec-9] INFO  com.kezhang.service.EmployeeService - Inserting new employee: EmployeeInsertDTO(username=TestUsername, name=TestName4, gender=1, phone=4444444444, jobTitle=4, departmentId=4, salary=123456.00, image=null, entryDate=2020-05-07)
2025-08-05 15:20:13 [http-nio-8080-exec-9] INFO  com.kezhang.service.EmployeeService - Inserted new employee, affected rows: 1 New employee ID: 66
2025-08-05 15:20:16 [http-nio-8080-exec-10] INFO  com.kezhang.service.EmployeeService - Fetching all employees from the database.
2025-08-05 15:31:40 [http-nio-8080-exec-2] INFO  com.kezhang.service.EmployeeService - Deleting employees with IDs: [64, 65, 66]
2025-08-05 15:31:40 [http-nio-8080-exec-2] INFO  com.kezhang.service.EmployeeService - Deleted employees with IDs: [64, 65, 66], affected rows: 3
2025-08-05 15:31:43 [http-nio-8080-exec-3] INFO  com.kezhang.service.EmployeeService - Fetching all employees from the database.
2025-08-05 15:57:11 [http-nio-8080-exec-2] INFO  com.kezhang.service.EmployeeService - Deleting employee by condition: EmployeeDeleteDTO(name=TestName, gender=1)
2025-08-05 15:57:11 [http-nio-8080-exec-2] INFO  com.kezhang.service.EmployeeService - Deleted employee by condition: EmployeeDeleteDTO(name=TestName, gender=1), condition map: {gender=1, name=TestName}
2025-08-05 15:57:15 [http-nio-8080-exec-3] INFO  com.kezhang.service.EmployeeService - Fetching all employees from the database.
2025-08-05 17:17:13 [http-nio-8080-exec-2] INFO  com.kezhang.service.EmployeeService - Inserting new employee: EmployeeInsertDTO(username=TestUsername, name=TestName4, gender=1, phone=4444444444, jobTitle=4, departmentId=4, salary=123456.00, image=null, entryDate=2020-05-07)
2025-08-05 17:17:13 [http-nio-8080-exec-2] INFO  com.kezhang.service.EmployeeService - Inserted new employee, affected rows: 1 New employee ID: 67
2025-08-05 17:17:15 [http-nio-8080-exec-3] INFO  com.kezhang.service.EmployeeService - Fetching all employees from the database.
2025-08-05 17:19:14 [http-nio-8080-exec-6] INFO  com.kezhang.service.EmployeeService - Updating employee: EmployeeInsertDTO(username=TestUsername222, name=TestName222, gender=1, phone=2222222222, jobTitle=null, departmentId=null, salary=null, image=null, entryDate=null)
2025-08-05 17:19:14 [http-nio-8080-exec-6] INFO  com.kezhang.service.EmployeeService - Updated employee: Employee(id=null, username=TestUsername222, password=null, name=TestName222, gender=1, phone=2222222222, jobTitle=null, departmentId=null, salary=null, image=null, entryDate=null, createTime=null, updateTime=2025-08-05T17:19:14.371975)
2025-08-05 17:19:37 [http-nio-8080-exec-7] INFO  com.kezhang.service.EmployeeService - Fetching all employees from the database.
2025-08-05 17:19:55 [http-nio-8080-exec-8] INFO  com.kezhang.service.EmployeeService - Updating employee: EmployeeInsertDTO(username=TestUsername222, name=TestName222, gender=1, phone=2222222222, jobTitle=null, departmentId=null, salary=null, image=null, entryDate=null)
2025-08-05 17:19:55 [http-nio-8080-exec-8] INFO  com.kezhang.service.EmployeeService - Updated employee: Employee(id=null, username=TestUsername222, password=null, name=TestName222, gender=1, phone=2222222222, jobTitle=null, departmentId=null, salary=null, image=null, entryDate=null, createTime=null, updateTime=2025-08-05T17:19:55.128984)
2025-08-05 17:25:16 [http-nio-8080-exec-2] INFO  com.kezhang.service.EmployeeService - Updating employee: EmployeeInsertDTO(username=TestUsername222, name=TestName222, gender=1, phone=2222222222, jobTitle=null, departmentId=null, salary=null, image=null, entryDate=null)
2025-08-05 17:25:16 [http-nio-8080-exec-2] INFO  com.kezhang.service.EmployeeService - Updated employee: Employee(id=null, username=TestUsername222, password=null, name=TestName222, gender=1, phone=2222222222, jobTitle=null, departmentId=null, salary=null, image=null, entryDate=null, createTime=null, updateTime=2025-08-05T17:25:16.514538)
2025-08-05 17:25:36 [http-nio-8080-exec-1] INFO  com.kezhang.service.EmployeeService - Updating employee: EmployeeInsertDTO(username=TestUsername222, name=TestName222, gender=1, phone=2222222222, jobTitle=null, departmentId=null, salary=null, image=null, entryDate=null)
2025-08-05 17:25:36 [http-nio-8080-exec-1] INFO  com.kezhang.service.EmployeeService - Updated employee: Employee(id=null, username=TestUsername222, password=null, name=TestName222, gender=1, phone=2222222222, jobTitle=null, departmentId=null, salary=null, image=null, entryDate=null, createTime=null, updateTime=2025-08-05T17:25:36.766827)
2025-08-05 17:32:43 [http-nio-8080-exec-2] INFO  com.kezhang.service.EmployeeService - Updating employee: EmployeeInsertDTO(username=TestUsername222, name=TestName222, gender=1, phone=2222222222, jobTitle=null, departmentId=null, salary=null, image=null, entryDate=null)
2025-08-05 17:32:43 [http-nio-8080-exec-2] INFO  com.kezhang.service.EmployeeService - Updated employee: Employee(id=null, username=TestUsername222, password=null, name=TestName222, gender=1, phone=2222222222, jobTitle=null, departmentId=null, salary=null, image=null, entryDate=null, createTime=null, updateTime=2025-08-05T17:32:43.237289)
2025-08-05 17:34:51 [http-nio-8080-exec-2] INFO  com.kezhang.service.EmployeeService - Updating employee: EmployeeUpdateDTO(id=67, username=TestUsername222, name=TestName222, gender=1, phone=2222222222, jobTitle=null, departmentId=null, salary=null, image=null, entryDate=null)
2025-08-05 17:34:51 [http-nio-8080-exec-2] INFO  com.kezhang.service.EmployeeService - Updated employee: Employee(id=null, username=TestUsername222, password=null, name=TestName222, gender=1, phone=2222222222, jobTitle=null, departmentId=null, salary=null, image=null, entryDate=null, createTime=null, updateTime=2025-08-05T17:34:51.489614)
2025-08-05 17:36:25 [http-nio-8080-exec-1] INFO  com.kezhang.service.EmployeeService - Updating employee: EmployeeUpdateDTO(id=67, username=TestUsername222, name=TestName222, gender=1, phone=2222222222, jobTitle=null, departmentId=null, salary=null, image=null, entryDate=null)
2025-08-05 17:36:25 [http-nio-8080-exec-1] INFO  com.kezhang.service.EmployeeService - Updated employee: Employee(id=67, username=TestUsername222, password=null, name=TestName222, gender=1, phone=2222222222, jobTitle=null, departmentId=null, salary=null, image=null, entryDate=null, createTime=null, updateTime=2025-08-05T17:36:25.610819)
2025-08-05 17:36:33 [http-nio-8080-exec-2] INFO  com.kezhang.service.EmployeeService - Fetching all employees from the database.
2025-08-05 18:57:54 [http-nio-8080-exec-1] INFO  com.kezhang.service.EmployeeService - Searching employee by ID: 50
2025-08-05 18:57:54 [http-nio-8080-exec-1] INFO  com.kezhang.service.EmployeeService - Found employee: null
2025-08-05 18:58:08 [http-nio-8080-exec-3] INFO  com.kezhang.service.EmployeeService - Searching employee by ID: 50
2025-08-05 18:58:08 [http-nio-8080-exec-3] INFO  com.kezhang.service.EmployeeService - Found employee: null
2025-08-05 18:58:32 [http-nio-8080-exec-4] INFO  com.kezhang.service.EmployeeService - Searching employee by ID: 30
2025-08-05 18:58:32 [http-nio-8080-exec-4] INFO  com.kezhang.service.EmployeeService - Found employee: Employee(id=30, username=HelenMitchell, password=123456, name=Helen Mitchell, gender=0, phone=3393524985, jobTitle=4, departmentId=6, salary=55065.80, image=https://i.pravatar.cc/250?u=HelenMitchell, entryDate=2020-05-19, createTime=2025-06-13T15:47:34, updateTime=2025-06-17T17:38:44)
2025-08-05 19:04:51 [http-nio-8080-exec-1] INFO  com.kezhang.service.EmployeeService - Searching employees by IDs: [1, 2, 3]
2025-08-05 19:04:51 [http-nio-8080-exec-1] INFO  com.kezhang.service.EmployeeService - Found employees: [Employee(id=1, username=JohnSmith, password=123456, name=John Smith, gender=1, phone=6173520981, jobTitle=3, departmentId=1, salary=65000.00, image=https://i.pravatar.cc/250?u=JohnSmith, entryDate=2020-06-15, createTime=2025-06-13T15:47:34, updateTime=2025-07-27T14:36:03), Employee(id=2, username=SarahJohnson, password=123456, name=Sarah Johnson, gender=0, phone=6173521982, jobTitle=4, departmentId=1, salary=55673.80, image=https://i.pravatar.cc/250?u=SarahJohnson, entryDate=2021-03-22, createTime=2025-06-13T15:47:34, updateTime=2025-06-17T17:38:44), Employee(id=3, username=MichaelBrown, password=123456, name=Michael Brown, gender=1, phone=6173522983, jobTitle=2, departmentId=1, salary=55807.15, image=https://i.pravatar.cc/250?u=MichaelBrown, entryDate=2019-08-10, createTime=2025-06-13T15:47:34, updateTime=2025-06-17T17:38:44)]
